// Jest Snapshot v1, https://goo.gl/fbAQLP

exports[`matches snapshot 1`] = `
<div
  className="btn-style btn"
  data-testid="button"
>
  Save
</div>
`;

exports[`matches snapshot 1 1`] = `
<div
  className="btn-style btn"
  data-testid="button"
>
  Save
</div>
`;
